- Spaces between names
- Convert strng to number
- fix kariya ka name